C51 COMPILER V9.00   ADC                                                                   06/21/2020 20:17:33 PAGE 1   


C51 COMPILER V9.00, COMPILATION OF MODULE ADC
OBJECT MODULE PLACED IN .\Objects\adc.obj
COMPILER INVOKED BY: D:\Keil\C51\BIN\C51.EXE adc.c LARGE BROWSE DEBUG OBJECTEXTEND PRINT(.\Listings\adc.lst) OBJECT(.\Ob
                    -jects\adc.obj)

line level    source

   1          #include "stc8.h"
   2          #include "adc.h"
   3          #include "utily.h"
   4          
   5          void ADC_Init()
   6          {
   7   1              //open adc power
   8   1              ADC_CONTR |= 0x80;
   9   1              
  10   1              //set format to LSB.
  11   1              ADCCFG |= 0x20;
  12   1              
  13   1              //set speed
  14   1              ADCCFG &= ~0x0f;
  15   1      }
  16          
  17          unsigned int ADC_Get(ADC_CH ch)
  18          {
  19   1              unsigned int var;
  20   1              
  21   1              //select ch
  22   1              ADC_CONTR &= 0xf0;
  23   1              ADC_CONTR |= ch;
  24   1              
  25   1              //start convert
  26   1              ADC_CONTR |= 0x40;
  27   1              
  28   1              //wait for convert finished
  29   1              while((ADC_CONTR & 0x20) != 0x20);
  30   1              
  31   1              //read result
  32   1              var = ADC_RES;
  33   1              var = var << 8;
  34   1              var += ADC_RESL;
  35   1              
  36   1              return var;
  37   1      }
  38          
  39          unsigned char GetLO1Voltage()
  40          {
  41   1              unsigned int var;
  42   1              ADC_Get(ADC_CH_P1_1);
  43   1              delay_ms(100);
  44   1              var = ADC_Get(ADC_CH_P1_1);
  45   1              var = (var >> 4);
  46   1              return var;
  47   1      }
  48          
  49          unsigned char GetLO3Voltage()
  50          {
  51   1              unsigned int var;
  52   1              ADC_Get(ADC_CH_P1_1);
  53   1              delay_ms(100);
  54   1              var = ADC_Get(ADC_CH_P1_1);
C51 COMPILER V9.00   ADC                                                                   06/21/2020 20:17:33 PAGE 2   

  55   1              var = (var >> 4);
  56   1              return var;
  57   1      }
  58          


MODULE INFORMATION:   STATIC OVERLAYABLE
   CODE SIZE        =     99    ----
   CONSTANT SIZE    =   ----    ----
   XDATA SIZE       =   ----    ----
   PDATA SIZE       =   ----    ----
   DATA SIZE        =   ----    ----
   IDATA SIZE       =   ----    ----
   BIT SIZE         =   ----    ----
END OF MODULE INFORMATION.


C51 COMPILATION COMPLETE.  0 WARNING(S),  0 ERROR(S)
