C51 COMPILER V9.00   CMD                                                                   06/14/2020 22:29:17 PAGE 1   


C51 COMPILER V9.00, COMPILATION OF MODULE CMD
OBJECT MODULE PLACED IN .\Objects\cmd.obj
COMPILER INVOKED BY: D:\Keil\C51\BIN\C51.EXE cmd.c LARGE BROWSE DEBUG OBJECTEXTEND PRINT(.\Listings\cmd.lst) OBJECT(.\Ob
                    -jects\cmd.obj)

line level    source

   1          #include "rtx.h"
   2          
   3          unsigned char cmd[2] = {0x00,0x00};
   4          signed char bValid = 0;
   5          
   6          void Cmd_set(unsigned char content)
   7          {
   8   1              cmd[0] = cmd[1];
   9   1              cmd[1] = content;
  10   1              if(cmd[0] != 0xa1)
  11   1              {
  12   2                      bValid = 0;
  13   2                      return;
  14   2              }
  15   1      
  16   1              if(cmd[1] > 0x04)
  17   1              {
  18   2                      bValid = 0;
  19   2                      return;
  20   2              }
  21   1              
  22   1              bValid = 1;     
  23   1      }
  24          
  25          signed char Cmd_IsNew()
  26          {
  27   1              return bValid;
  28   1      }
  29          
  30          void Cmd_get(unsigned char* pCmd)
  31          {
  32   1              if(!bValid)
  33   1                      return;
  34   1              
  35   1              *pCmd = cmd[1];
  36   1              bValid = 0;
  37   1              return;
  38   1      }


MODULE INFORMATION:   STATIC OVERLAYABLE
   CODE SIZE        =     70    ----
   CONSTANT SIZE    =   ----    ----
   XDATA SIZE       =      3    ----
   PDATA SIZE       =   ----    ----
   DATA SIZE        =   ----    ----
   IDATA SIZE       =   ----    ----
   BIT SIZE         =   ----    ----
END OF MODULE INFORMATION.


C51 COMPILATION COMPLETE.  0 WARNING(S),  0 ERROR(S)
