C51 COMPILER V9.00   MAIN                                                                  05/27/2020 21:24:04 PAGE 1   


C51 COMPILER V9.00, COMPILATION OF MODULE MAIN
OBJECT MODULE PLACED IN .\Objects\main.obj
COMPILER INVOKED BY: D:\Keil\C51\BIN\C51.EXE main.c BROWSE DEBUG OBJECTEXTEND PRINT(.\Listings\main.lst) OBJECT(.\Object
                    -s\main.obj)

line level    source

   1          #include "STC8.H"
   2          #include "pll.h"
   3          #include "hw.h"
   4          #include "adc.h"
   5          #include "rtx.h"
   6          #include "cmd.h"
   7          #include "utily.h"
   8          #include "pwm.h"
   9          
  10          //WARNNING:STC MCU int protype is 16 bit width,not 32 bit width£¡£¡£¡£¡£¡£¡
  11          extern unsigned char cmd[5];
  12          
  13          
  14          int main()
  15          {                         
  16   1              //config sysclk
  17   1              HW_SysclkInit();
  18   1      
  19   1              //config pins
  20   1              HW_IOInit();
  21   1      
  22   1              //config perhaps
  23   1              HW_T2Init();
  24   1              HW_IntcInit();
  25   1              RTX_Init();
  26   1              ADC_Init();
  27   1              PWM_Init();
  28   1      
  29   1              delay_ms(200);
  30   1      
  31   1              //config dds
  32   1              PLL_Init();
  33   1              PLL_Reset();
  34   1              PLL_Tx_Config();
  35   1              PLL_Rx_Config();
  36   1      
  37   1              delay_ms(200);
  38   1      
  39   1              while(1)
  40   1              {
  41   2      //              if(PLL_IsRxLocked() != 1)
  42   2      //              {
  43   2      //                      PLL_Reset();
  44   2      //                      PLL_Rx_Config();
  45   2      //              }
  46   2                      
  47   2      //              if(PLL_IsTxLocked() != 1)
  48   2      //              {
  49   2      //                      PLL_Reset();
  50   2      //                      PLL_Tx_Config();
  51   2      //              }
  52   2      
  53   2                      if(Cmd_IsNew())
  54   2                      {
C51 COMPILER V9.00   MAIN                                                                  05/27/2020 21:24:04 PAGE 2   

  55   3                              switch(cmd[0])
  56   3                              {
  57   4                                      case 0xa1:
  58   4                                              process_a1(cmd[2]);
  59   4                                              break;
  60   4                                      case 0xa2:
  61   4                                              process_a2(cmd[2]);
  62   4                                              break;
  63   4                                      case 0xa3:
  64   4                                              process_a3(cmd[2]);
  65   4                                              break;
  66   4                                      default:
  67   4                                              break;
  68   4                              }
  69   3                      }
  70   2              }
  71   1      }
  72          
  73          
  74          
  75          
  76          


MODULE INFORMATION:   STATIC OVERLAYABLE
   CODE SIZE        =     87    ----
   CONSTANT SIZE    =   ----    ----
   XDATA SIZE       =   ----    ----
   PDATA SIZE       =   ----    ----
   DATA SIZE        =   ----    ----
   IDATA SIZE       =   ----    ----
   BIT SIZE         =   ----    ----
END OF MODULE INFORMATION.


C51 COMPILATION COMPLETE.  0 WARNING(S),  0 ERROR(S)
