C51 COMPILER V9.00   PLL                                                                   06/14/2020 19:21:02 PAGE 1   


C51 COMPILER V9.00, COMPILATION OF MODULE PLL
OBJECT MODULE PLACED IN .\Objects\pll.obj
COMPILER INVOKED BY: D:\Keil\C51\BIN\C51.EXE pll.c BROWSE DEBUG OBJECTEXTEND PRINT(.\Listings\pll.lst) OBJECT(.\Objects\
                    -pll.obj)

line level    source

   1          #include "stc8.h"
   2          #include "pll.h"
   3          #include "utily.h"
   4          
   5          unsigned int nint_ratio = 172/*430*/;
   6          unsigned int r_ratio = 4/*10*/;    
   7          unsigned long nfrac_ratio = 0;
   8          unsigned long reg_var[6] = {0x1f867f,0xf6800a,0xfc0001,0x1ae,0x0};
   9          
  10          sbit ldo = P0^3;
  11          sbit dout = P0^4;
  12          sbit clk = P0^5;
  13          sbit le = P0^6;
  14          
  15          sbit txen = P0^7;
  16          
  17          void PLL_Reset()
  18          {
  19   1              clk = 0;
  20   1              dout = 0;
  21   1              le = 1;
  22   1      
  23   1              //reference div ratio
  24   1              reg_var[1] &= 0xffc000;
  25   1              reg_var[1] |= r_ratio;
  26   1      
  27   1              //n.int div ratio
  28   1              reg_var[3] &= 0xff0000;
  29   1              reg_var[3] |= nint_ratio;
  30   1      
  31   1              //n.frac div ratio
  32   1              reg_var[4] &= 0xf00000;
  33   1              reg_var[4] |= nfrac_ratio;
  34   1      }
  35          
  36          void PLL_WriteReg(unsigned char addr,unsigned long var)
  37          {
  38   1              unsigned char i;
  39   1              unsigned long content = addr,temp;
  40   1              content = content << 24;
  41   1              content |= var;
  42   1              
  43   1              le = 0;
  44   1              
  45   1              for(i=0;i<27;i++)
  46   1              {
  47   2                      temp = (0x04000000 >> i);
  48   2                      
  49   2                      clk = 0;
  50   2                      
  51   2                      if((content & temp) == temp)
  52   2                              dout = 1;
  53   2                      else dout = 0;
  54   2                      
C51 COMPILER V9.00   PLL                                                                   06/14/2020 19:21:02 PAGE 2   

  55   2                      clk = 1;
  56   2              }       
  57   1              
  58   1              clk = 0;
  59   1              dout = 0;
  60   1              le = 1;
  61   1      }
  62          
  63          void PLL_Config()
  64          {
  65   1              unsigned char i;
  66   1              for(i=0;i<5;i++)
  67   1              {
  68   2                      PLL_WriteReg(i, reg_var[i]);
  69   2      
  70   2                      le = 1;
  71   2                      delay_ms(1);
  72   2                      le = 0;
  73   2                      delay_ms(1);
  74   2                      le = 1;
  75   2              }
  76   1      }
  77          
  78          signed char PLL_IsLocked()
  79          {
  80   1              return ldo;
  81   1      }
  82          
  83          void PLL_TxEn(unsigned char en)
  84          {
  85   1              if(en == 1)
  86   1                      txen = 1;
  87   1              else txen = 0;  
  88   1      }


MODULE INFORMATION:   STATIC OVERLAYABLE
   CODE SIZE        =    322    ----
   CONSTANT SIZE    =   ----    ----
   XDATA SIZE       =   ----    ----
   PDATA SIZE       =   ----    ----
   DATA SIZE        =     32      15
   IDATA SIZE       =   ----    ----
   BIT SIZE         =   ----    ----
END OF MODULE INFORMATION.


C51 COMPILATION COMPLETE.  0 WARNING(S),  0 ERROR(S)
